// Jest Snapshot v1, https://goo.gl/fbAQLP

exports[`Login match a snapshot 1`] = `null`;
